// Jest Snapshot v1, https://goo.gl/fbAQLP

exports[`SavedSearchPage renders correctly renders correctly 1`] = `
<div>
  <div>
    <section
      class="cf-app-segment cf-app-segment--alt"
    >
      <div>
        <h1>
          Saved Searches
        </h1>
        <div>
          Select a search you previously saved or look for ones others have saved by switching between tabs.
        </div>
        <div
          class="cf-tab-navigation"
          role="tablist"
        >
          <button
            aria-controls="saved-search-queue-tabpanel-0"
            aria-selected="true"
            class="cf-tab tab cf-active"
            data-value="0"
            id="saved-search-queue-tab-0"
            role="tab"
            tabindex="0"
          >
            <div>
              <span>
                
                <span>
                  My saved searches
                </span>
                
              </span>
            </div>
          </button>
          <button
            aria-controls="saved-search-queue-tabpanel-1"
            aria-selected="false"
            class="cf-tab tab"
            data-value="1"
            id="saved-search-queue-tab-1"
            role="tab"
            tabindex="-1"
          >
            <div>
              <span>
                
                <span>
                  All saved searches
                </span>
                
              </span>
            </div>
          </button>
        </div>
        <div
          class="cf-tab-window-body-full-screen tabContent"
        >
          <div
            aria-hidden="false"
            class="tabPanel active"
            id="saved-search-queue-tabpanel-0"
            role="tabpanel"
          >
            <div
              class="cf-table-wrapper"
            >
              <div
                class="cf-pagination"
              >
                <div
                  class="cf-pagination-summary"
                >
                  Viewing 0-0 of 0 total
                </div>
                <div
                  class="cf-pagination-pages"
                />
              </div>
              <table
                aria-describedby="case-table-description"
                aria-label="Appeals"
                class="usa-table-borderless undefined"
                id="saved_search_table"
                role="grid"
              >
                <thead>
                  <tr
                    role="row"
                  >
                    <th
                      class=""
                      role="columnheader"
                      scope="col"
                    >
                      <span
                        aria-label=""
                        data-css-9shxm7=""
                      >
                        <span />
                      </span>
                    </th>
                    <th
                      aria-labelledby="header-searchName"
                      class=""
                      role="columnheader"
                      scope="col"
                    >
                      <span
                        aria-label="Search Name"
                        data-css-9shxm7=""
                      >
                        <span
                          id="header-searchName"
                        >
                          Search Name
                        </span>
                        <span
                          aria-label="Sort by Search Name"
                          data-css-ilmt4b=""
                          role="button"
                          tabindex="0"
                        >
                          <svg
                            class="table-icon"
                            height="17"
                            version="1.1"
                            viewBox="0 0 13 16"
                            xmlns="http://www.w3.org/2000/svg"
                          >
                            <g
                              fill="none"
                              fill-rule="evenodd"
                              stroke="none"
                              stroke-width="1"
                            >
                              <g
                                fill-rule="nonzero"
                              >
                                <g
                                  fill="#d6d7d9"
                                  transform="translate(2.000000, 1.000000)"
                                >
                                  <g
                                    transform="translate(5.000000, 2.666667) scale(-1, 1) rotate(-180.000000) translate(-5.000000, -2.666667) "
                                  >
                                    <path
                                      d="M9.48148147,0.592592593 C9.48148147,0.75308642 9.42283953,0.891975307 9.30555553,1.00925926 L5.15740741,5.15740741 C5.04012346,5.27469136 4.90123457,5.33333333 4.74074074,5.33333333 C4.58024691,5.33333333 4.44135803,5.27469136 4.32407407,5.15740741 L0.175925926,1.00925926 C0.0586419753,0.891975307 0,0.75308642 0,0.592592593 C0,0.432098765 0.0586419753,0.293209877 0.175925926,0.175925926 C0.293209877,0.0586419753 0.432098765,0 0.592592593,0 L8.88888887,0 C9.04938273,0 9.1882716,0.0586419753 9.30555553,0.175925926 C9.42283953,0.293209877 9.48148147,0.432098765 9.48148147,0.592592593 Z"
                                    />
                                  </g>
                                </g>
                                <g
                                  fill="#d6d7d9"
                                  transform="translate(7.000000, 11.666667) scale(1, -1) translate(-7.000000, -11.666667) translate(2.000000, 9.000000)"
                                >
                                  <g
                                    transform="translate(5.000000, 2.666667) scale(-1, 1) rotate(-180.000000) translate(-5.000000, -2.666667) "
                                  >
                                    <path
                                      d="M9.48148147,0.592592593 C9.48148147,0.75308642 9.42283953,0.891975307 9.30555553,1.00925926 L5.15740741,5.15740741 C5.04012346,5.27469136 4.90123457,5.33333333 4.74074074,5.33333333 C4.58024691,5.33333333 4.44135803,5.27469136 4.32407407,5.15740741 L0.175925926,1.00925926 C0.0586419753,0.891975307 0,0.75308642 0,0.592592593 C0,0.432098765 0.0586419753,0.293209877 0.175925926,0.175925926 C0.293209877,0.0586419753 0.432098765,0 0.592592593,0 L8.88888887,0 C9.04938273,0 9.1882716,0.0586419753 9.30555553,0.175925926 C9.42283953,0.293209877 9.48148147,0.432098765 9.48148147,0.592592593 Z"
                                    />
                                  </g>
                                </g>
                              </g>
                            </g>
                          </svg>
                        </span>
                      </span>
                    </th>
                    <th
                      aria-labelledby="header-savedDate"
                      aria-sort="descending"
                      class=""
                      role="columnheader"
                      scope="col"
                    >
                      <span
                        aria-label="Saved Date"
                        data-css-9shxm7=""
                      >
                        <span
                          id="header-savedDate"
                        >
                          Saved Date
                        </span>
                        <span
                          aria-label="Sort by Saved Date"
                          data-css-ilmt4b=""
                          role="button"
                          tabindex="0"
                        >
                          <svg
                            class="table-icon"
                            height="17"
                            version="1.1"
                            viewBox="0 0 13 16"
                            xmlns="http://www.w3.org/2000/svg"
                          >
                            <g
                              fill="none"
                              fill-rule="evenodd"
                              stroke="none"
                              stroke-width="1"
                            >
                              <g
                                fill-rule="nonzero"
                              >
                                <g
                                  fill="#0071bc"
                                  transform="translate(2.000000, 1.000000)"
                                >
                                  <g
                                    transform="translate(5.000000, 2.666667) scale(-1, 1) rotate(-180.000000) translate(-5.000000, -2.666667) "
                                  >
                                    <path
                                      d="M9.48148147,0.592592593 C9.48148147,0.75308642 9.42283953,0.891975307 9.30555553,1.00925926 L5.15740741,5.15740741 C5.04012346,5.27469136 4.90123457,5.33333333 4.74074074,5.33333333 C4.58024691,5.33333333 4.44135803,5.27469136 4.32407407,5.15740741 L0.175925926,1.00925926 C0.0586419753,0.891975307 0,0.75308642 0,0.592592593 C0,0.432098765 0.0586419753,0.293209877 0.175925926,0.175925926 C0.293209877,0.0586419753 0.432098765,0 0.592592593,0 L8.88888887,0 C9.04938273,0 9.1882716,0.0586419753 9.30555553,0.175925926 C9.42283953,0.293209877 9.48148147,0.432098765 9.48148147,0.592592593 Z"
                                    />
                                  </g>
                                </g>
                                <g
                                  fill="#d6d7d9"
                                  transform="translate(7.000000, 11.666667) scale(1, -1) translate(-7.000000, -11.666667) translate(2.000000, 9.000000)"
                                >
                                  <g
                                    transform="translate(5.000000, 2.666667) scale(-1, 1) rotate(-180.000000) translate(-5.000000, -2.666667) "
                                  >
                                    <path
                                      d="M9.48148147,0.592592593 C9.48148147,0.75308642 9.42283953,0.891975307 9.30555553,1.00925926 L5.15740741,5.15740741 C5.04012346,5.27469136 4.90123457,5.33333333 4.74074074,5.33333333 C4.58024691,5.33333333 4.44135803,5.27469136 4.32407407,5.15740741 L0.175925926,1.00925926 C0.0586419753,0.891975307 0,0.75308642 0,0.592592593 C0,0.432098765 0.0586419753,0.293209877 0.175925926,0.175925926 C0.293209877,0.0586419753 0.432098765,0 0.592592593,0 L8.88888887,0 C9.04938273,0 9.1882716,0.0586419753 9.30555553,0.175925926 C9.42283953,0.293209877 9.48148147,0.432098765 9.48148147,0.592592593 Z"
                                    />
                                  </g>
                                </g>
                              </g>
                            </g>
                          </svg>
                        </span>
                      </span>
                    </th>
                    <th
                      aria-labelledby="header-admin"
                      class=""
                      role="columnheader"
                      scope="col"
                    >
                      <span
                        aria-label="Admin"
                        data-css-9shxm7=""
                      >
                        <span
                          id="header-admin"
                        >
                          Admin
                        </span>
                        <span
                          aria-label="Sort by Admin"
                          data-css-ilmt4b=""
                          role="button"
                          tabindex="0"
                        >
                          <svg
                            class="table-icon"
                            height="17"
                            version="1.1"
                            viewBox="0 0 13 16"
                            xmlns="http://www.w3.org/2000/svg"
                          >
                            <g
                              fill="none"
                              fill-rule="evenodd"
                              stroke="none"
                              stroke-width="1"
                            >
                              <g
                                fill-rule="nonzero"
                              >
                                <g
                                  fill="#d6d7d9"
                                  transform="translate(2.000000, 1.000000)"
                                >
                                  <g
                                    transform="translate(5.000000, 2.666667) scale(-1, 1) rotate(-180.000000) translate(-5.000000, -2.666667) "
                                  >
                                    <path
                                      d="M9.48148147,0.592592593 C9.48148147,0.75308642 9.42283953,0.891975307 9.30555553,1.00925926 L5.15740741,5.15740741 C5.04012346,5.27469136 4.90123457,5.33333333 4.74074074,5.33333333 C4.58024691,5.33333333 4.44135803,5.27469136 4.32407407,5.15740741 L0.175925926,1.00925926 C0.0586419753,0.891975307 0,0.75308642 0,0.592592593 C0,0.432098765 0.0586419753,0.293209877 0.175925926,0.175925926 C0.293209877,0.0586419753 0.432098765,0 0.592592593,0 L8.88888887,0 C9.04938273,0 9.1882716,0.0586419753 9.30555553,0.175925926 C9.42283953,0.293209877 9.48148147,0.432098765 9.48148147,0.592592593 Z"
                                    />
                                  </g>
                                </g>
                                <g
                                  fill="#d6d7d9"
                                  transform="translate(7.000000, 11.666667) scale(1, -1) translate(-7.000000, -11.666667) translate(2.000000, 9.000000)"
                                >
                                  <g
                                    transform="translate(5.000000, 2.666667) scale(-1, 1) rotate(-180.000000) translate(-5.000000, -2.666667) "
                                  >
                                    <path
                                      d="M9.48148147,0.592592593 C9.48148147,0.75308642 9.42283953,0.891975307 9.30555553,1.00925926 L5.15740741,5.15740741 C5.04012346,5.27469136 4.90123457,5.33333333 4.74074074,5.33333333 C4.58024691,5.33333333 4.44135803,5.27469136 4.32407407,5.15740741 L0.175925926,1.00925926 C0.0586419753,0.891975307 0,0.75308642 0,0.592592593 C0,0.432098765 0.0586419753,0.293209877 0.175925926,0.175925926 C0.293209877,0.0586419753 0.432098765,0 0.592592593,0 L8.88888887,0 C9.04938273,0 9.1882716,0.0586419753 9.30555553,0.175925926 C9.42283953,0.293209877 9.48148147,0.432098765 9.48148147,0.592592593 Z"
                                    />
                                  </g>
                                </g>
                              </g>
                            </g>
                          </svg>
                        </span>
                      </span>
                    </th>
                    <th
                      aria-labelledby="header-searchDescription"
                      class=""
                      role="columnheader"
                      scope="col"
                    >
                      <span
                        aria-label="Search Description"
                        data-css-9shxm7=""
                      >
                        <span
                          id="header-searchDescription"
                        >
                          Search Description
                        </span>
                      </span>
                    </th>
                  </tr>
                </thead>
                <tbody
                  class=""
                />
                <tfoot />
              </table>
              <div
                class="cf-pagination"
              >
                <div
                  class="cf-pagination-summary"
                >
                  Viewing 0-0 of 0 total
                </div>
                <div
                  class="cf-pagination-pages"
                />
              </div>
            </div>
          </div>
          <div
            aria-hidden="true"
            class="tabPanel"
            id="saved-search-queue-tabpanel-1"
            role="tabpanel"
          />
        </div>
      </div>
    </section>
  </div>
</div>
`;
