// Jest Snapshot v1, https://goo.gl/fbAQLP

exports[`DateSelector renders correctly 1`] = `
<div>
  <div
    class="cf-form-textinput   "
  >
    <label
      for="date1"
    >
      <span>
        date1
      </span>
    </label>
    <input
      class="cf-form-textinput"
      id="date1"
      max="9999-12-31"
      name="date1"
      placeholder="mm/dd/yyyy"
      type="date"
      value=""
    />
  </div>
</div>
`;
