// Jest Snapshot v1, https://goo.gl/fbAQLP

exports[`TextField renders correctly 1`] = `
<div>
  <div
    class="cf-form-textinput"
  >
    <label
      data-css-1v3njqr=""
      for="field1"
    >
      <span>
        field1
      </span>
    </label>
    <input
      class="cf-form-textinput"
      id="field1"
      name="field1"
      type="text"
      value=""
    />
  </div>
</div>
`;
