// Jest Snapshot v1, https://goo.gl/fbAQLP

exports[`SubstituteAppellantTasksForm with blank form renders default state correctly 1`] = `
<div>
  <form>
    <section
      class="cf-app-segment cf-app-segment--alt"
      role="main"
    >
      <h1>
        Create task
      </h1>
      <div
        data-css-1sbm5ab=""
      >
        Complete the details below to create the appeal for the substitute for this case.
      </div>
      <section>
        <h2>
          Key details
        </h2>
        <table
          class="usa-table-borderless css-1t3jtyy"
        >
          <tbody>
            <tr>
              <td>
                NOD received
              </td>
              <td>
                4/1/2021
              </td>
            </tr>
            <tr>
              <td>
                Veteran date of death
              </td>
              <td>
                4/15/2021
              </td>
            </tr>
            <tr>
              <td>
                Substitution granted by the RO
              </td>
              <td>
                4/20/2021
              </td>
            </tr>
          </tbody>
        </table>
      </section>
      <h3
        data-css-1m1s8ka=""
      >
        <br />
        <strong>
          Would you like to add any additional tasks?
        </strong>
        <br />
      </h3>
      <div />
      <button
        class="cf-submit usa-button-secondary"
        data-css-byo489=""
        id="button-+-Add-task"
        type="button"
      >
        + Add task
      </button>
    </section>
    <div
      class="controls cf-app-segment"
    >
      <div
        data-css-63oe3q=""
      >
        <span>
          <button
            class="cf-right-side usa-button"
            data-css-wn5k45=""
            id="button-next-button"
            type="button"
          >
            Continue
          </button>
        </span>
        <button
          class="cf-btn-link cf-right-side usa-button"
          id="button-cancel-button"
          type="button"
        >
          Cancel
        </button>
      </div>
    </div>
  </form>
</div>
`;

exports[`SubstituteAppellantTasksForm with existing form data renders default state correctly 1`] = `
<div>
  <form>
    <section
      class="cf-app-segment cf-app-segment--alt"
      role="main"
    >
      <h1>
        Create task
      </h1>
      <div
        data-css-1sbm5ab=""
      >
        Complete the details below to create the appeal for the substitute for this case.
      </div>
      <section>
        <h2>
          Key details
        </h2>
        <table
          class="usa-table-borderless css-1t3jtyy"
        >
          <tbody>
            <tr>
              <td>
                NOD received
              </td>
              <td>
                4/1/2021
              </td>
            </tr>
            <tr>
              <td>
                Veteran date of death
              </td>
              <td>
                4/15/2021
              </td>
            </tr>
            <tr>
              <td>
                Substitution granted by the RO
              </td>
              <td>
                4/20/2021
              </td>
            </tr>
          </tbody>
        </table>
      </section>
      <h3
        data-css-1m1s8ka=""
      >
        <br />
        <strong>
          Would you like to add any additional tasks?
        </strong>
        <br />
      </h3>
      <div />
      <button
        class="cf-submit usa-button-secondary"
        data-css-byo489=""
        id="button-+-Add-task"
        type="button"
      >
        + Add task
      </button>
    </section>
    <div
      class="controls cf-app-segment"
    >
      <div
        data-css-63oe3q=""
      >
        <span>
          <button
            class="cf-right-side usa-button"
            data-css-wn5k45=""
            id="button-next-button"
            type="button"
          >
            Continue
          </button>
        </span>
        <button
          class="cf-btn-link cf-right-side usa-button"
          id="button-cancel-button"
          type="button"
        >
          Cancel
        </button>
      </div>
    </div>
  </form>
</div>
`;
