// Jest Snapshot v1, https://goo.gl/fbAQLP

exports[`IntakeBadge renders correctly 1`] = `
<Provider
  store={
    Object {
      "dispatch": [Function],
      "getState": [Function],
      "replaceReducer": [Function],
      "subscribe": [Function],
      Symbol(observable): [Function],
    }
  }
>
  <IntakeBadge
    review={
      Object {
        "intakeFromVbms": true,
      }
    }
  >
    <Badge
      ariaLabel="VBMS Intake"
      color="#844E9F"
      displayName="VBMS"
      id="vbms-undefined"
      name="vbms"
      tooltipText="Case was intaken through VBMS"
    >
      <div
        className="cf-vbms-badge"
      >
        <Tooltip
          ariaLabel="VBMS Intake"
          id="badge-vbms-undefined"
          position="bottom"
          text="Case was intaken through VBMS"
        >
          <span
            aria-describedby="badge-vbms-undefined"
            aria-label="VBMS Intake"
            data-css-j1ndum=""
            data-event="focus mouseenter"
            data-event-off="mouseleave keydown"
            data-for="badge-vbms-undefined"
            data-tip={true}
            tabIndex={0}
          >
            VBMS
          </span>
          <span
            data-css-131kpwj=""
          >
            <ReactTooltip
              className="cf-tooltip"
              clickable={false}
              effect="solid"
              id="badge-vbms-undefined"
              insecure={true}
              multiline={true}
              offset={Object {}}
              place="bottom"
              resizeHide={true}
              role="tooltip"
              wrapper="div"
            >
              <div
                className="__react_component_tooltip t00000000-0000-0000-0000-000000000000 place-bottom type-dark"
                data-id="tooltip"
                id="badge-vbms-undefined"
                role="tooltip"
              >
                <style
                  dangerouslySetInnerHTML={
                    Object {
                      "__html": "
  	.t00000000-0000-0000-0000-000000000000 {
	    color: #fff;
	    background: #222;
	    border: 1px solid transparent;
  	}

  	.t00000000-0000-0000-0000-000000000000.place-top {
        margin-top: -10px;
    }
    .t00000000-0000-0000-0000-000000000000.place-top::before {
        border-top: 8px solid transparent;
    }
    .t00000000-0000-0000-0000-000000000000.place-top::after {
        border-left: 8px solid transparent;
        border-right: 8px solid transparent;
        bottom: -6px;
        left: 50%;
        margin-left: -8px;
        border-top-color: #222;
        border-top-style: solid;
        border-top-width: 6px;
    }

    .t00000000-0000-0000-0000-000000000000.place-bottom {
        margin-top: 10px;
    }
    .t00000000-0000-0000-0000-000000000000.place-bottom::before {
        border-bottom: 8px solid transparent;
    }
    .t00000000-0000-0000-0000-000000000000.place-bottom::after {
        border-left: 8px solid transparent;
        border-right: 8px solid transparent;
        top: -6px;
        left: 50%;
        margin-left: -8px;
        border-bottom-color: #222;
        border-bottom-style: solid;
        border-bottom-width: 6px;
    }

    .t00000000-0000-0000-0000-000000000000.place-left {
        margin-left: -10px;
    }
    .t00000000-0000-0000-0000-000000000000.place-left::before {
        border-left: 8px solid transparent;
    }
    .t00000000-0000-0000-0000-000000000000.place-left::after {
        border-top: 5px solid transparent;
        border-bottom: 5px solid transparent;
        right: -6px;
        top: 50%;
        margin-top: -4px;
        border-left-color: #222;
        border-left-style: solid;
        border-left-width: 6px;
    }

    .t00000000-0000-0000-0000-000000000000.place-right {
        margin-left: 10px;
    }
    .t00000000-0000-0000-0000-000000000000.place-right::before {
        border-right: 8px solid transparent;
    }
    .t00000000-0000-0000-0000-000000000000.place-right::after {
        border-top: 5px solid transparent;
        border-bottom: 5px solid transparent;
        left: -6px;
        top: 50%;
        margin-top: -4px;
        border-right-color: #222;
        border-right-style: solid;
        border-right-width: 6px;
    }
  ",
                    }
                  }
                />
                Case was intaken through VBMS
              </div>
            </ReactTooltip>
          </span>
        </Tooltip>
      </div>
    </Badge>
  </IntakeBadge>
</Provider>
`;
