// Jest Snapshot v1, https://goo.gl/fbAQLP

exports[`NotificationsTest matches snapshot 1`] = `
<div>
  <section
    class="cf-app-segment cf-app-segment--alt"
    role="main"
  >
    <div
      data-css-bui2vg=""
    >
      <h1
        data-css-10hc4to=""
      >
        Case notifications for Bob Smithschumm
      </h1>
      <div
        data-css-7o0e0w=""
      >
        <div
          data-css-p21ib3=""
        >
          Veteran ID: 
          <button
            aria-describedby="tooltip-200000161"
            aria-label="Copy Veteran ID 200000161"
            class="cf-apppeal-id"
            currentitem="false"
            data-css-cjlnsd=""
            data-event="focus mouseenter"
            data-event-off="mouseleave keydown"
            data-for="tooltip-200000161"
            data-tip="true"
            tabindex="0"
            type="submit"
          >
            200000161
             
            <svg
              class=""
              height="17"
              viewBox="0 0 21 21"
              xmlns="http://www.w3.org/2000/svg"
            >
              <path
                d="M13.346 2.578h-2.664v-1.29C10.682.585 10.08 0 9.35 0H6.66c-.728 0-1.33.584-1.33 1.29v1.288H2.663v2.577h10.682V2.578zm-4.02 0H6.66v-1.29h2.665v1.29zm6.685 3.89V3.234a.665.665 0 0 0-.678-.656H14v1.29h.68v2.576H6.66v9.046H1.333V3.867h.68v-1.29H.678a.665.665 0 0 0-.68.657v12.913c0 .365.302.656.68.656h6.006v3.867h9.35l3.996-3.867V6.468h-4.02zm0 12.378v-2.043h2.112l-2.11 2.043zm2.665-3.356H14.68v3.867H7.992v-11.6h10.682v7.733z"
                fill="#5b616b"
                fill-rule="evenodd"
              />
            </svg>
          </button>
          <span
            data-css-gqr05b=""
          >
            <div
              class="__react_component_tooltip t00000000-0000-0000-0000-000000000000 place-bottom type-dark"
              data-id="tooltip"
              id="tooltip-200000161"
              role="tooltip"
            >
              <style>

	.t00000000-0000-0000-0000-000000000000 {
	    color: #fff;
	    background: #222;
	    border: 1px solid transparent;
	}

	.t00000000-0000-0000-0000-000000000000.place-top {
        margin-top: -10px;
    }
    .t00000000-0000-0000-0000-000000000000.place-top::before {
        border-top: 8px solid transparent;
    }
    .t00000000-0000-0000-0000-000000000000.place-top::after {
        border-left: 8px solid transparent;
        border-right: 8px solid transparent;
        bottom: -6px;
        left: 50%;
        margin-left: -8px;
        border-top-color: #222;
        border-top-style: solid;
        border-top-width: 6px;
    }

    .t00000000-0000-0000-0000-000000000000.place-bottom {
        margin-top: 10px;
    }
    .t00000000-0000-0000-0000-000000000000.place-bottom::before {
        border-bottom: 8px solid transparent;
    }
    .t00000000-0000-0000-0000-000000000000.place-bottom::after {
        border-left: 8px solid transparent;
        border-right: 8px solid transparent;
        top: -6px;
        left: 50%;
        margin-left: -8px;
        border-bottom-color: #222;
        border-bottom-style: solid;
        border-bottom-width: 6px;
    }

    .t00000000-0000-0000-0000-000000000000.place-left {
        margin-left: -10px;
    }
    .t00000000-0000-0000-0000-000000000000.place-left::before {
        border-left: 8px solid transparent;
    }
    .t00000000-0000-0000-0000-000000000000.place-left::after {
        border-top: 5px solid transparent;
        border-bottom: 5px solid transparent;
        right: -6px;
        top: 50%;
        margin-top: -4px;
        border-left-color: #222;
        border-left-style: solid;
        border-left-width: 6px;
    }

    .t00000000-0000-0000-0000-000000000000.place-right {
        margin-left: 10px;
    }
    .t00000000-0000-0000-0000-000000000000.place-right::before {
        border-right: 8px solid transparent;
    }
    .t00000000-0000-0000-0000-000000000000.place-right::after {
        border-top: 5px solid transparent;
        border-bottom: 5px solid transparent;
        left: -6px;
        top: 50%;
        margin-top: -4px;
        border-right-color: #222;
        border-right-style: solid;
        border-right-width: 6px;
    }

              </style>
              Click to copy
            </div>
          </span>
        </div>
        <div
          data-css-p21ib3=""
        >
          <span
            data-css-dw3c54=""
          >
            <a
              href="#"
            >
              View
               all cases
            </a>
          </span>
        </div>
        <div
          data-css-p21ib3=""
        >
          <div
            data-css-h0biv2=""
          >
            <div />
          </div>
        </div>
      </div>
    </div>
    <div
      data-css-7v4y9j=""
      id="caseTitleDetailsSubheader"
    >
      <div
        data-css-1atuorp=""
      >
        <div
          data-css-1yy2eo1=""
        >
          <p>
            Docket
          </p>
          <div>
            <span
              data-css-1iid9v3=""
            >
              220715-1987
            </span>
          </div>
        </div>
        <div
          data-css-1yy2eo1=""
        >
          <p>
            Appeal Stream Type
          </p>
          <div>
            <span />
          </div>
        </div>
      </div>
    </div>
    <div
      data-css-48ja=""
    >
      <p
        class="notification-text"
      >
        VA Notify sent these status notifications to the Appellant about their case.
      </p>
    </div>
  </section>
</div>
`;
