// Jest Snapshot v1, https://goo.gl/fbAQLP

exports[`OvertimeBadge renders correctly 1`] = `
<div>
  <div
    class="cf-overtime-badge"
  >
    <span
      aria-describedby="badge-undefined"
      currentitem="false"
      data-css-13kydni=""
      data-event="focus mouseenter"
      data-event-off="mouseleave keydown"
      data-for="badge-undefined"
      data-tip="true"
      tabindex="0"
    >
      OT
    </span>
    <span
      data-css-1urwbxe=""
    >
      <div
        class="__react_component_tooltip place-bottom type-dark "
        data-id="tooltip"
        id="badge-undefined"
        role="tooltip"
      >
        <div>
          This case has been approved to be worked in overtime hours
        </div>
      </div>
    </span>
  </div>
</div>
`;
